Command line invocation:
    /Applications/Xcode.app/Contents/Developer/usr/bin/xcodebuild -project MacStatus/MacStatus.xcodeproj -scheme MacStatus build

--- xcodebuild: WARNING: Using the first of multiple matching destinations:
{ platform:macOS, arch:arm64, id:00006050-001D10483489401C, name:My Mac }
{ platform:macOS, arch:x86_64, id:00006050-001D10483489401C, name:My Mac }
{ platform:macOS, name:Any Mac }
ComputePackagePrebuildTargetDependencyGraph

Prepare packages

CreateBuildRequest

SendProjectDescription

CreateBuildOperation

ComputeTargetDependencyGraph
note: Building targets in dependency order
note: Target dependency graph (1 target)
    Target 'MacStatus' in project 'MacStatus' (no dependencies)

GatherProvisioningInputs

CreateBuildDescription

ExecuteExternalTool /Applications/Xcode.app/Contents/Developer/Toolchains/XcodeDefault.xctoolchain/usr/bin/clang -v -E -dM -isysroot /Applications/Xcode.app/Contents/Developer/Platforms/MacOSX.platform/Developer/SDKs/MacOSX26.0.sdk -x c -c /dev/null

ExecuteExternalTool /Applications/Xcode.app/Contents/Developer/usr/bin/actool --version --output-format xml1

ExecuteExternalTool /Applications/Xcode.app/Contents/Developer/Toolchains/XcodeDefault.xctoolchain/usr/bin/swiftc --version

ExecuteExternalTool /Applications/Xcode.app/Contents/Developer/Toolchains/XcodeDefault.xctoolchain/usr/bin/ld -version_details

Build description signature: 0d65a032d0ef3b96a8bdd6546667e4bd
Build description path: /Users/kristoff/Library/Developer/Xcode/DerivedData/MacStatus-gcxwdkqncqfsbuhlhbcdcobiwjiu/Build/Intermediates.noindex/XCBuildData/0d65a032d0ef3b96a8bdd6546667e4bd.xcbuilddata
ClangStatCache /Applications/Xcode.app/Contents/Developer/Toolchains/XcodeDefault.xctoolchain/usr/bin/clang-stat-cache /Applications/Xcode.app/Contents/Developer/Platforms/MacOSX.platform/Developer/SDKs/MacOSX26.0.sdk /Users/kristoff/Library/Developer/Xcode/DerivedData/SDKStatCaches.noindex/macosx26.0-25A352-28806144b0707e398aac92880fa50324.sdkstatcache
    cd /Users/kristoff/Documents/GitHub/mac-status/MacStatus/MacStatus.xcodeproj
    /Applications/Xcode.app/Contents/Developer/Toolchains/XcodeDefault.xctoolchain/usr/bin/clang-stat-cache /Applications/Xcode.app/Contents/Developer/Platforms/MacOSX.platform/Developer/SDKs/MacOSX26.0.sdk -o /Users/kristoff/Library/Developer/Xcode/DerivedData/SDKStatCaches.noindex/macosx26.0-25A352-28806144b0707e398aac92880fa50324.sdkstatcache
Failed to create FS event stream. Considering the cache up-to-date.

ProcessInfoPlistFile /Users/kristoff/Library/Developer/Xcode/DerivedData/MacStatus-gcxwdkqncqfsbuhlhbcdcobiwjiu/Build/Products/Debug/MacStatus.app/Contents/Info.plist /Users/kristoff/Library/Developer/Xcode/DerivedData/MacStatus-gcxwdkqncqfsbuhlhbcdcobiwjiu/Build/Intermediates.noindex/MacStatus.build/Debug/MacStatus.build/empty-MacStatus.plist (in target 'MacStatus' from project 'MacStatus')
    cd /Users/kristoff/Documents/GitHub/mac-status/MacStatus
    builtin-infoPlistUtility /Users/kristoff/Library/Developer/Xcode/DerivedData/MacStatus-gcxwdkqncqfsbuhlhbcdcobiwjiu/Build/Intermediates.noindex/MacStatus.build/Debug/MacStatus.build/empty-MacStatus.plist -producttype com.apple.product-type.application -genpkginfo /Users/kristoff/Library/Developer/Xcode/DerivedData/MacStatus-gcxwdkqncqfsbuhlhbcdcobiwjiu/Build/Products/Debug/MacStatus.app/Contents/PkgInfo -expandbuildsettings -platform macosx -additionalcontentfile /Users/kristoff/Library/Developer/Xcode/DerivedData/MacStatus-gcxwdkqncqfsbuhlhbcdcobiwjiu/Build/Intermediates.noindex/MacStatus.build/Debug/MacStatus.build/assetcatalog_generated_info.plist -o /Users/kristoff/Library/Developer/Xcode/DerivedData/MacStatus-gcxwdkqncqfsbuhlhbcdcobiwjiu/Build/Products/Debug/MacStatus.app/Contents/Info.plist

CopySwiftLibs /Users/kristoff/Library/Developer/Xcode/DerivedData/MacStatus-gcxwdkqncqfsbuhlhbcdcobiwjiu/Build/Products/Debug/MacStatus.app (in target 'MacStatus' from project 'MacStatus')
    cd /Users/kristoff/Documents/GitHub/mac-status/MacStatus
    builtin-swiftStdLibTool --copy --verbose --sign - --scan-executable /Users/kristoff/Library/Developer/Xcode/DerivedData/MacStatus-gcxwdkqncqfsbuhlhbcdcobiwjiu/Build/Products/Debug/MacStatus.app/Contents/MacOS/MacStatus.debug.dylib --scan-folder /Users/kristoff/Library/Developer/Xcode/DerivedData/MacStatus-gcxwdkqncqfsbuhlhbcdcobiwjiu/Build/Products/Debug/MacStatus.app/Contents/Frameworks --scan-folder /Users/kristoff/Library/Developer/Xcode/DerivedData/MacStatus-gcxwdkqncqfsbuhlhbcdcobiwjiu/Build/Products/Debug/MacStatus.app/Contents/PlugIns --scan-folder /Users/kristoff/Library/Developer/Xcode/DerivedData/MacStatus-gcxwdkqncqfsbuhlhbcdcobiwjiu/Build/Products/Debug/MacStatus.app/Contents/Library/SystemExtensions --scan-folder /Users/kristoff/Library/Developer/Xcode/DerivedData/MacStatus-gcxwdkqncqfsbuhlhbcdcobiwjiu/Build/Products/Debug/MacStatus.app/Contents/Extensions --platform macosx --toolchain /Applications/Xcode.app/Contents/Developer/Toolchains/XcodeDefault.xctoolchain --destination /Users/kristoff/Library/Developer/Xcode/DerivedData/MacStatus-gcxwdkqncqfsbuhlhbcdcobiwjiu/Build/Products/Debug/MacStatus.app/Contents/Frameworks --strip-bitcode --strip-bitcode-tool /Applications/Xcode.app/Contents/Developer/Toolchains/XcodeDefault.xctoolchain/usr/bin/bitcode_strip --emit-dependency-info /Users/kristoff/Library/Developer/Xcode/DerivedData/MacStatus-gcxwdkqncqfsbuhlhbcdcobiwjiu/Build/Intermediates.noindex/MacStatus.build/Debug/MacStatus.build/SwiftStdLibToolInputDependencies.dep --filter-for-swift-os

** BUILD SUCCEEDED **

